&errors.joinError{errs: []error{
	&errors.ParserError{
		Position: token.Pos{
			file: &token.File{
				name: "list-nocomma.acorn",
				base: token.index(1),
				size: token.index(6),
				lines: []token.index{
					token.index(0),
				},
			},
			offset: 67,
		},
		Format: "missing ',' in %s",
		Args:   []interface{}{"list literal"},
	},
}}
