&eval.File{Body: &eval.Struct{
	Position: eval.Position{
		Filename: "multilinestring.acorn",
		Line:     1,
		Column:   1,
	},
	Fields: []eval.Field{
		&eval.KeyValue{
			Key: eval.FieldKey{
				Key: eval.Value{
					Value: value.String("y"),
				},
				Pos: eval.Position{
					Filename: "multilinestring.acorn",
					Line:     1,
					Column:   1,
				},
			},
			Value: eval.Value{Value: value.Number("1")},
			Pos: eval.Position{
				Filename: "multilinestring.acorn",
				Line:     1,
				Column:   1,
			},
		},
		&eval.KeyValue{
			Key: eval.FieldKey{
				Key: eval.Value{Value: value.String("z")},
				Pos: eval.Position{
					Filename: "multilinestring.acorn",
					Offset:   5,
					Line:     2,
					Column:   1,
				},
			},
			Value: &eval.Interpolation{Parts: []interface{}{
				`"""
asfd `,
				&eval.Lookup{
					Pos: eval.Position{
						Filename: "multilinestring.acorn",
						Offset:   19,
						Line:     3,
						Column:   8,
					},
					Key: "y",
				},
				`
 fff """`,
			}},
			Pos: eval.Position{
				Filename: "multilinestring.acorn",
				Offset:   5,
				Line:     2,
				Column:   1,
			},
		},
	},
}}
