valast: format: 55:18: expected operand, found '==' (and 1 more errors)
