"index 2 out of bound, len 2: array-oob.acorn:2:6"
