key not found "top": circular-schema-valid.acorn:4:13