`schema violation .top: key not found "top": exceeded max scope depth 101 > 100: circular-schema-invalid.acorn:4:12 (circular-schema-invalid.acorn:2:10) (circular-schema-invalid.acorn:2:10) (circular-s (circular-schema-invalid.acorn:1:8)`
