{
  "empty": {
    "type": "object",
    "properties": {
      "obj": {
        "type": "object"
      }
    }
  },
  "obj": {}
}