{
  "Foo": {
    "type": "object",
    "properties": {
      "foo": {
        "type": "number"
      }
    }
  },
  "foo": 1
}