{
  "baz": 3,
  "blah": {
    "baz": "hello",
    "foo": 2
  },
  "blah2": {
    "baz": 3,
    "foo": 2
  },
  "blah3": {
    "baz": 3,
    "foo": 1
  },
  "foo": 1
}