{
  "a": {
    "b": {
      "x": 1
    },
    "q": 1,
    "y": 2,
    "z": 1
  },
  "b": {
    "b": 1,
    "y": 1
  }
}