`key not found "foo": index-not-found.acorn:11:6 (11:6<-15:5)`
