"invalid cycle detected in key a: keyloop.acorn:2:1"
