{
  "a": [
    1,
    2,
    3
  ],
  "b": [
    1,
    {
      "c1": 1
    },
    {
      "c2": 2
    },
    {
      "c3": 3
    },
    3
  ]
}