{
  "a": {
    "arr": [
      1,
      {
        "x": 2
      }
    ],
    "b": 1,
    "c": 2
  }
}