{
  "a": {
    "b": 1,
    "c": 1,
    "x": 1
  }
}