{
  "a": {
    "a": {
      "b": 1
    },
    "b": 2,
    "x": 2
  }
}