{
  "Foo": {
    "type": "object",
    "properties": {
      "a": {
        "type": "string"
      }
    }
  },
  "a": "high"
}