"schema violation .a: unmatched constraint bye =~ hi.* (schema-mat-err.acorn:1:8)"
