{
  "Foo": {
    "type": "object",
    "properties": {
      "a": {
        "type": "object"
      }
    }
  },
  "a": {
    "b": 1,
    "c": 2
  }
}