{
  "compare": 1,
  "union": {
    "hi": "str",
    "second": true
  }
}