{
  "Foo": {
    "type": "object",
    "properties": {
      "foo": {
        "type": "object"
      }
    }
  },
  "foo": {
    "a": 1
  }
}