"unknown field bar [path bar] [schema path Schema]: schema-unknown-field.acorn:6:11 (2:5<-6:11)"
