`key not found "validate": schema for kind array does not support lookup: schema-custom.acorn:2:5 (schema-custom.acorn:1:8)`
