{
  "Foo": {
    "type": "object",
    "properties": {
      "foo": {
        "type": "string"
      }
    }
  },
  "foo": "hi"
}