{
  "Foo": {
    "type": "object",
    "properties": {
      "a": {
        "$ref": "#/$defs/Foo.a"
      }
    },
    "defs": {
      "Foo.a": {
        "type": "object",
        "properties": {
          "b": {
            "type": "string"
          }
        }
      }
    }
  },
  "a": {}
}