`schema violation .a: option 1: [unmatched constraint f == c],
option 2: [unmatched constraint f == b],
option 3: [unmatched constraint f == a] (schema-enum-bad.acorn:1:8)`
