"missing required key(s): [.a] (schema-require-empty-array-bad.acorn:1:8)"
