if x > 1 {
	print("x is greater than 1")
} else if x < 1 {
	print("x is less than 1")
} else {
	print("x is equal to 1")
}
