a: """multiline"""
ab: """
multiline
"""
ac: """
  multiline
"""
adi: `not multi`
ad: ```
  multiline

  ```
