{
  "args": {
    "path": "args",
    "fields": [
      {
        "name": "key",
        "description": "First\nSecond",
        "type": {
          "kind": "string",
          "constraints": [
            {
              "op": "type",
              "right": {
                "kind": "string",
                "default": "value1"
              }
            },
            {
              "op": "type",
              "right": {
                "kind": "string",
                "default": "value2"
              }
            }
          ],
          "default": "value1"
        }
      }
    ],
    "allowNewKeys": true
  }
}